[
  {
    "container": "add",
    "kind": "Function",
    "name": "add",
    "range": {
      "end": {
        "character": 1,
        "line": 3
      },
      "start": {
        "character": 0,
        "line": 1
      }
    },
    "uri": "file:///D:/Project/serena-rust/local/acceptance/bench/ts_demo/app.ts"
  },
  {
    "container": "main",
    "kind": "Function",
    "name": "main",
    "range": {
      "end": {
        "character": 1,
        "line": 8
      },
      "start": {
        "character": 0,
        "line": 5
      }
    },
    "uri": "file:///D:/Project/serena-rust/local/acceptance/bench/ts_demo/app.ts"
  },
  {
    "container": "main",
    "kind": {
      "Other": 14
    },
    "name": "s",
    "range": {
      "end": {
        "character": 23,
        "line": 6
      },
      "start": {
        "character": 10,
        "line": 6
      }
    },
    "uri": "file:///D:/Project/serena-rust/local/acceptance/bench/ts_demo/app.ts"
  }
]
